{"time":"2026-05-20T09:54:15.786274-05:00","level":"INFO","msg":"ServerStarted","version":"","host":"localhost","port":"8000"}
{"time":"2026-05-20T09:54:19.507535-05:00","level":"ERROR","msg":"FailedToDecodeRequest","version":"","error":"EOF"}
{"time":"2026-05-20T09:54:19.507756-05:00","level":"INFO","msg":"ContactMessageReceived","version":"","name":"","email":"","company":null,"name":"","email":"","company":null}
{"time":"2026-05-20T09:54:19.507776-05:00","level":"INFO","msg":"ContactMessageProcessed","version":"","name":"","email":"","company":null}
{"time":"2026-05-20T09:57:04.071485-05:00","level":"INFO","msg":"ContactMessageReceived","version":"","name":"Bobby Bob","email":"bobbybobtest0@proton.me","company":"Bob's Burgers","name":"Bobby Bob","email":"bobbybobtest0@proton.me","company":"Bob's Burgers"}
{"time":"2026-05-20T09:57:04.071848-05:00","level":"INFO","msg":"ContactMessageProcessed","version":"","name":"Bobby Bob","email":"bobbybobtest0@proton.me","company":"Bob's Burgers"}
{"time":"2026-05-20T09:57:23.029047-05:00","level":"INFO","msg":"ServerStarted","version":"","host":"localhost","port":"8000"}
{"time":"2026-05-20T09:57:28.122278-05:00","level":"INFO","msg":"ServerStarted","version":"","host":"localhost","port":"8000"}
{"time":"2026-05-20T09:57:58.383343-05:00","level":"INFO","msg":"ServerStarted","version":"","host":"localhost","port":"8000"}
{"time":"2026-05-20T09:58:35.797641-05:00","level":"INFO","msg":"ServerStarted","version":"","host":"localhost","port":"8000"}
{"time":"2026-05-20T09:59:01.424874-05:00","level":"INFO","msg":"ServerStarted","version":"","host":"localhost","port":"8000"}
{"time":"2026-05-20T09:59:06.721333-05:00","level":"INFO","msg":"ServerStarted","version":"","host":"localhost","port":"8000"}
{"time":"2026-05-20T09:59:09.57936-05:00","level":"INFO","msg":"ServerStarted","version":"","host":"localhost","port":"8000"}
{"time":"2026-05-20T09:59:15.659255-05:00","level":"INFO","msg":"ServerStarted","version":"","host":"localhost","port":"8000"}
{"time":"2026-05-20T09:59:27.457142-05:00","level":"INFO","msg":"ServerStarted","version":"","host":"localhost","port":"8000"}
{"time":"2026-05-20T09:59:51.776431-05:00","level":"INFO","msg":"ServerStarted","version":"","host":"localhost","port":"8000"}
{"time":"2026-05-20T10:00:04.803276-05:00","level":"INFO","msg":"ServerStarted","version":"","host":"localhost","port":"8000"}
{"time":"2026-05-20T10:00:18.79193-05:00","level":"INFO","msg":"ServerStarted","version":"","host":"localhost","port":"8000"}
{"time":"2026-05-20T10:00:28.329754-05:00","level":"INFO","msg":"ServerStarted","version":"","host":"localhost","port":"8000"}
{"time":"2026-05-20T10:00:45.407457-05:00","level":"INFO","msg":"ServerStarted","version":"","host":"localhost","port":"8000"}
{"time":"2026-05-20T10:01:08.29635-05:00","level":"INFO","msg":"ServerStarted","version":"","host":"localhost","port":"8000"}
{"time":"2026-05-20T10:01:46.013403-05:00","level":"INFO","msg":"ServerStarted","version":"","host":"localhost","port":"8000"}
{"time":"2026-05-20T10:02:00.1817-05:00","level":"INFO","msg":"ServerStarted","version":"","host":"localhost","port":"8000"}
{"time":"2026-05-20T10:02:00.855867-05:00","level":"INFO","msg":"ServerStarted","version":"","host":"localhost","port":"8000"}
{"time":"2026-05-20T10:02:11.690497-05:00","level":"INFO","msg":"ServerStarted","version":"","host":"localhost","port":"8000"}
{"time":"2026-05-20T10:02:22.03062-05:00","level":"INFO","msg":"ServerStarted","version":"","host":"localhost","port":"8000"}
{"time":"2026-05-20T10:02:24.379427-05:00","level":"INFO","msg":"ServerStarted","version":"","host":"localhost","port":"8000"}
{"time":"2026-05-20T10:02:44.688142-05:00","level":"INFO","msg":"ServerStarted","version":"","host":"localhost","port":"8000"}
{"time":"2026-05-20T10:02:55.641383-05:00","level":"INFO","msg":"ServerStarted","version":"","host":"localhost","port":"8000"}
{"time":"2026-05-20T10:02:57.014753-05:00","level":"INFO","msg":"ServerStarted","version":"","host":"localhost","port":"8000"}
{"time":"2026-05-20T10:03:55.075431-05:00","level":"INFO","msg":"ServerStarted","version":"","host":"localhost","port":"8000"}
{"time":"2026-05-20T10:03:57.002164-05:00","level":"INFO","msg":"ServerStarted","version":"","host":"localhost","port":"8000"}
{"time":"2026-05-20T10:05:10.946489-05:00","level":"INFO","msg":"ServerStarted","version":"","host":"localhost","port":"8000"}
{"time":"2026-05-20T10:05:37.469743-05:00","level":"INFO","msg":"ContactMessageReceived","version":"","name":"Bobby Bob","email":"bobbybobtest0@proton.me","company":"Bob's Burgers","name":"Bobby Bob","email":"bobbybobtest0@proton.me","company":"Bob's Burgers"}
{"time":"2026-05-20T10:05:37.469787-05:00","level":"INFO","msg":"ContactMessageProcessed","version":"","name":"Bobby Bob","email":"bobbybobtest0@proton.me","company":"Bob's Burgers"}
{"time":"2026-05-20T10:08:06.195692-05:00","level":"INFO","msg":"ServerStarted","version":"","host":"localhost","port":"8000"}
{"time":"2026-05-20T10:08:13.515363-05:00","level":"INFO","msg":"ServerStarted","version":"","host":"localhost","port":"8000"}
{"time":"2026-05-20T10:08:21.204205-05:00","level":"INFO","msg":"ServerStarted","version":"","host":"localhost","port":"8000"}
{"time":"2026-05-20T10:08:44.451348-05:00","level":"INFO","msg":"ServerStarted","version":"","host":"localhost","port":"8000"}
{"time":"2026-05-20T10:08:56.200246-05:00","level":"INFO","msg":"ServerStarted","version":"","host":"localhost","port":"8000"}
{"time":"2026-05-20T10:10:00.691324-05:00","level":"INFO","msg":"ServerStarted","version":"","host":"localhost","port":"8000"}
{"time":"2026-05-20T10:10:09.749727-05:00","level":"INFO","msg":"ServerStarted","version":"","host":"localhost","port":"8000"}
{"time":"2026-05-20T10:10:20.737547-05:00","level":"INFO","msg":"ServerStarted","version":"","host":"localhost","port":"8000"}
{"time":"2026-05-20T10:10:41.385265-05:00","level":"INFO","msg":"ServerStarted","version":"","host":"localhost","port":"8000"}
{"time":"2026-05-20T10:11:09.523454-05:00","level":"INFO","msg":"ServerStarted","version":"","host":"localhost","port":"8000"}
{"time":"2026-05-20T10:12:05.704047-05:00","level":"INFO","msg":"ServerStarted","version":"","host":"localhost","port":"8000"}
{"time":"2026-05-20T10:12:28.809401-05:00","level":"INFO","msg":"ServerStarted","version":"","host":"localhost","port":"8000"}
{"time":"2026-05-20T10:12:33.832633-05:00","level":"INFO","msg":"ServerStarted","version":"","host":"localhost","port":"8000"}
{"time":"2026-05-20T10:12:37.74671-05:00","level":"INFO","msg":"ServerStarted","version":"","host":"localhost","port":"8000"}
{"time":"2026-05-20T10:12:38.899688-05:00","level":"INFO","msg":"ServerStarted","version":"","host":"localhost","port":"8000"}
{"time":"2026-05-20T10:12:55.39743-05:00","level":"INFO","msg":"ServerStarted","version":"","host":"localhost","port":"8000"}
{"time":"2026-05-20T10:13:01.718754-05:00","level":"INFO","msg":"ServerStarted","version":"","host":"localhost","port":"8000"}
{"time":"2026-05-20T10:13:03.41678-05:00","level":"INFO","msg":"ServerStarted","version":"","host":"localhost","port":"8000"}
{"time":"2026-05-20T10:13:50.940761-05:00","level":"INFO","msg":"ServerStarted","version":"","host":"localhost","port":"8000"}
{"time":"2026-05-20T10:14:10.03386-05:00","level":"INFO","msg":"ServerStarted","version":"","host":"localhost","port":"8000"}
{"time":"2026-05-20T10:14:18.340025-05:00","level":"INFO","msg":"ServerStarted","version":"","host":"localhost","port":"8000"}
{"time":"2026-05-20T10:14:26.801464-05:00","level":"INFO","msg":"ServerStarted","version":"","host":"localhost","port":"8000"}
{"time":"2026-05-20T10:14:47.597691-05:00","level":"INFO","msg":"ServerStarted","version":"","host":"localhost","port":"8000"}
{"time":"2026-05-20T10:15:09.564465-05:00","level":"INFO","msg":"ServerStarted","version":"","host":"localhost","port":"8000"}
{"time":"2026-05-20T10:15:12.397867-05:00","level":"INFO","msg":"ServerStarted","version":"","host":"localhost","port":"8000"}
{"time":"2026-05-20T10:15:41.96249-05:00","level":"INFO","msg":"ServerStarted","version":"","host":"localhost","port":"8000"}
{"time":"2026-05-20T10:15:47.075959-05:00","level":"INFO","msg":"ContactMessageReceived","version":"","name":"Bobby Bob","email":"bobbybobtest0@proton.me","company":"Bob's Burgers","name":"Bobby Bob","email":"bobbybobtest0@proton.me","company":"Bob's Burgers"}
{"time":"2026-05-20T10:15:47.076076-05:00","level":"INFO","msg":"ContactMessageProcessed","version":"","name":"Bobby Bob","email":"bobbybobtest0@proton.me","company":"Bob's Burgers"}
{"time":"2026-05-20T10:16:26.512992-05:00","level":"INFO","msg":"ServerStarted","version":"","host":"localhost","port":"8000"}
{"time":"2026-05-20T10:16:34.576109-05:00","level":"INFO","msg":"ServerStarted","version":"","host":"localhost","port":"8000"}
{"time":"2026-05-20T10:16:40.005624-05:00","level":"INFO","msg":"ServerStarted","version":"","host":"localhost","port":"8000"}
{"time":"2026-05-20T10:16:46.868863-05:00","level":"INFO","msg":"ServerStarted","version":"","host":"localhost","port":"8000"}
{"time":"2026-05-20T10:16:51.404473-05:00","level":"INFO","msg":"ServerStarted","version":"","host":"localhost","port":"8000"}
{"time":"2026-05-20T10:16:59.02485-05:00","level":"INFO","msg":"ServerStarted","version":"","host":"localhost","port":"8000"}
{"time":"2026-05-20T10:17:04.504147-05:00","level":"INFO","msg":"ServerStarted","version":"","host":"localhost","port":"8000"}
{"time":"2026-05-20T10:17:06.052667-05:00","level":"INFO","msg":"ServerStarted","version":"","host":"localhost","port":"8000"}
{"time":"2026-05-20T10:17:20.934823-05:00","level":"INFO","msg":"ServerStarted","version":"","host":"localhost","port":"8000"}
{"time":"2026-05-20T10:17:23.337438-05:00","level":"INFO","msg":"ServerStarted","version":"","host":"localhost","port":"8000"}
{"time":"2026-05-20T10:17:27.697231-05:00","level":"INFO","msg":"ServerStarted","version":"","host":"localhost","port":"8000"}
{"time":"2026-05-20T10:17:34.584868-05:00","level":"INFO","msg":"ServerStarted","version":"","host":"localhost","port":"8000"}
{"time":"2026-05-20T10:17:36.846466-05:00","level":"INFO","msg":"ContactMessageReceived","version":"","name":"Bobby Bob","email":"bobbybobtest0@proton.me","company":"Bob's Burgers"}
{"time":"2026-05-20T10:17:36.846515-05:00","level":"INFO","msg":"ContactMessageSent","version":""}
{"time":"2026-05-20T11:08:47.0587-05:00","level":"INFO","msg":"ContactMessageReceived","version":"","name":"Bobby Bob","email":"bobbybobtest0@proton.me","company":"Bob's Burgers"}
{"time":"2026-05-20T11:08:47.058768-05:00","level":"INFO","msg":"ContactMessageSent","version":""}
{"time":"2026-05-20T11:08:58.210363-05:00","level":"INFO","msg":"ContactMessageReceived","version":"","name":"","email":"bobbybobtest0@proton.me","company":"Bob's Burgers"}
{"time":"2026-05-20T11:08:58.210442-05:00","level":"ERROR","msg":"FailedToSendMessage","version":"","error":"name is required"}
{"time":"2026-05-20T11:08:58.210467-05:00","level":"ERROR","msg":"ValidationError","version":"","error":"name is required"}
{"time":"2026-05-20T11:09:19.775872-05:00","level":"INFO","msg":"ContactMessageReceived","version":"","name":"Bobby Bob","email":"bobbybobtest0@proton.me","company":"Bob's Burgers"}
{"time":"2026-05-20T11:09:19.77591-05:00","level":"INFO","msg":"ContactMessageSent","version":""}
{"time":"2026-05-20T11:10:10.328866-05:00","level":"INFO","msg":"ServerStarted","version":"","host":"localhost","port":"8000"}
{"time":"2026-05-20T11:10:16.169436-05:00","level":"INFO","msg":"ServerStarted","version":"","host":"localhost","port":"8000"}
{"time":"2026-05-20T11:10:20.808829-05:00","level":"INFO","msg":"ServerStarted","version":"","host":"localhost","port":"8000"}
{"time":"2026-05-20T11:11:42.948231-05:00","level":"INFO","msg":"ServerStarted","version":"","host":"localhost","port":"8000"}
{"time":"2026-05-20T11:12:06.598473-05:00","level":"INFO","msg":"ServerStarted","version":"","host":"localhost","port":"8000"}
{"time":"2026-05-20T11:33:36.862764-05:00","level":"INFO","msg":"ServerStarted","version":"","host":"localhost","port":"8000"}
{"time":"2026-05-20T11:33:50.746147-05:00","level":"INFO","msg":"ServerStarted","version":"","host":"localhost","port":"8000"}
{"time":"2026-05-20T11:34:04.875679-05:00","level":"INFO","msg":"ServerStarted","version":"","host":"localhost","port":"8000"}
{"time":"2026-05-20T11:34:06.301919-05:00","level":"INFO","msg":"ServerStarted","version":"","host":"localhost","port":"8000"}
{"time":"2026-05-20T11:34:16.510381-05:00","level":"INFO","msg":"ServerStarted","version":"","host":"localhost","port":"8000"}
{"time":"2026-05-20T11:34:26.949339-05:00","level":"INFO","msg":"ServerStarted","version":"","host":"localhost","port":"8000"}
{"time":"2026-05-20T11:34:28.480021-05:00","level":"INFO","msg":"ServerStarted","version":"","host":"localhost","port":"8000"}
{"time":"2026-05-20T11:35:32.806753-05:00","level":"INFO","msg":"ServerStarted","version":"","host":"localhost","port":"8000"}
{"time":"2026-05-20T11:35:40.842474-05:00","level":"INFO","msg":"ServerStarted","version":"","host":"localhost","port":"8000"}
{"time":"2026-05-20T11:40:40.769959-05:00","level":"INFO","msg":"ServerStarted","version":"","host":"localhost","port":"8000"}
{"time":"2026-05-20T11:40:53.894616-05:00","level":"INFO","msg":"ServerStarted","version":"","host":"localhost","port":"8000"}
{"time":"2026-05-20T11:41:01.176626-05:00","level":"INFO","msg":"ServerStarted","version":"","host":"localhost","port":"8000"}
{"time":"2026-05-20T11:41:08.395922-05:00","level":"INFO","msg":"ServerStarted","version":"","host":"localhost","port":"8000"}
{"time":"2026-05-20T11:41:17.979626-05:00","level":"INFO","msg":"ServerStarted","version":"","host":"localhost","port":"8000"}
{"time":"2026-05-20T11:41:30.447056-05:00","level":"INFO","msg":"ServerStarted","version":"","host":"localhost","port":"8000"}
{"time":"2026-05-20T11:41:31.329802-05:00","level":"INFO","msg":"ServerStarted","version":"","host":"localhost","port":"8000"}
{"time":"2026-05-20T11:42:15.260807-05:00","level":"INFO","msg":"ServerStarted","version":"","host":"localhost","port":"8000"}
